EN pianoproject NULL C:/Users/macie/OneDrive/Pulpit/Uczelnia/Semestr6/UCiSW/UCISW/PianoProject.vhf sub00/vhpl00 1586367712
AR pianoproject behavioral C:/Users/macie/OneDrive/Pulpit/Uczelnia/Semestr6/UCiSW/UCISW/PianoProject.vhf sub00/vhpl01 1586367713
EN keyboard NULL C:/Users/macie/OneDrive/Pulpit/Uczelnia/Semestr6/UCiSW/UCISW/Keyboard.vhd sub00/vhpl02 1586368705
EN pianokey NULL C:/Users/macie/OneDrive/Pulpit/Uczelnia/Semestr6/UCiSW/UCISW/Keyboard.vhd sub00/vhpl03 1586368961
AR pianokey behavioral C:/Users/macie/OneDrive/Pulpit/Uczelnia/Semestr6/UCiSW/UCISW/Keyboard.vhd sub00/vhpl04 1586368962
