V3 4
EN work/PianoProject 0 \
      FL C:/Users/macie/OneDrive/Pulpit/Uczelnia/Semestr6/UCiSW/UCISW/PianoProject.vhf \
      PB ieee/std_logic_1164 1381692176 PB ieee/NUMERIC_STD 1381692181 LB UNISIM \
      PH unisim/VCOMPONENTS 1381692182
AR work/PianoProject/BEHAVIORAL 0 \
      FL C:/Users/macie/OneDrive/Pulpit/Uczelnia/Semestr6/UCiSW/UCISW/PianoProject.vhf \
      EN work/PianoProject 0
